Compiling lib\main.dart for the Web...                          
